// Jest Snapshot v1, https://goo.gl/fbAQLP

exports[`Testing Styles button snapshot works 1`] = `
.c0 {
  color: red;
}

<button
  class="c0"
/>
`;
